lenovo@DESKTOP-3B53SND MINGW64 ~/Documents/Learn_git
$ git init
Initialized empty Git repository in C:/Users/lenovo/Documents/Learn_git/.git/

lenovo@DESKTOP-3B53SND MINGW64 ~/Documents/Learn_git (master)
$ git add origin https://github.com/kamal2002e/learn_git-.git
fatal: pathspec 'origin' did not match any files

lenovo@DESKTOP-3B53SND MINGW64 ~/Documents/Learn_git (master)
$ git remote add origin https://github.com/kamal2002e/learn_git-.git

lenovo@DESKTOP-3B53SND MINGW64 ~/Documents/Learn_git (master)
$ git status
On branch master

No commits yet

Untracked files:
  (use "git add <file>..." to include in what will be committed)
        third.txt.txt

nothing added to commit but untracked files present (use "git add" to track)

lenovo@DESKTOP-3B53SND MINGW64 ~/Documents/Learn_git (master)
$ git add .

lenovo@DESKTOP-3B53SND MINGW64 ~/Documents/Learn_git (master)
$ git commit -m "adding third.txt"
[master (root-commit) 3daf239] adding third.txt
 1 file changed, 0 insertions(+), 0 deletions(-)
 create mode 100644 third.txt.txt

lenovo@DESKTOP-3B53SND MINGW64 ~/Documents/Learn_git (master)
$ git log
commit 3daf2398b2854988bef67c36fda8ead7cfdd807f (HEAD -> master)
Author: kamal2002e <kamalmahrouk2002@gmail.com>
Date:   Wed Jul 3 21:23:23 2024 +0100

    adding third.txt

lenovo@DESKTOP-3B53SND MINGW64 ~/Documents/Learn_git (master)
$ git add .

lenovo@DESKTOP-3B53SND MINGW64 ~/Documents/Learn_git (master)
$ git commit -m "adding fourth.txt"
[master 7fb7c03] adding fourth.txt
 1 file changed, 0 insertions(+), 0 deletions(-)
 create mode 100644 fourth.txt.txt

lenovo@DESKTOP-3B53SND MINGW64 ~/Documents/Learn_git (master)
$ git remove
git: 'remove' is not a git command. See 'git --help'.

The most similar command is
        remote

lenovo@DESKTOP-3B53SND MINGW64 ~/Documents/Learn_git (master)
$ git --help
usage: git [-v | --version] [-h | --help] [-C <path>] [-c <name>=<value>]
           [--exec-path[=<path>]] [--html-path] [--man-path] [--info-path]
           [-p | --paginate | -P | --no-pager] [--no-replace-objects] [--bare]
           [--git-dir=<path>] [--work-tree=<path>] [--namespace=<name>]
           [--config-env=<name>=<envvar>] <command> [<args>]

These are common Git commands used in various situations:

start a working area (see also: git help tutorial)
   clone     Clone a repository into a new directory
   init      Create an empty Git repository or reinitialize an existing one

work on the current change (see also: git help everyday)
   add       Add file contents to the index
   mv        Move or rename a file, a directory, or a symlink
   restore   Restore working tree files
   rm        Remove files from the working tree and from the index

examine the history and state (see also: git help revisions)
   bisect    Use binary search to find the commit that introduced a bug
   diff      Show changes between commits, commit and working tree, etc
   grep      Print lines matching a pattern
   log       Show commit logs
   show      Show various types of objects
   status    Show the working tree status

grow, mark and tweak your common history
   branch    List, create, or delete branches
   commit    Record changes to the repository
   merge     Join two or more development histories together
   rebase    Reapply commits on top of another base tip
   reset     Reset current HEAD to the specified state
   switch    Switch branches
   tag       Create, list, delete or verify a tag object signed with GPG

collaborate (see also: git help workflows)
   fetch     Download objects and refs from another repository
   pull      Fetch from and integrate with another repository or a local branch
   push      Update remote refs along with associated objects

'git help -a' and 'git help -g' list available subcommands and some
concept guides. See 'git help <command>' or 'git help <concept>'
to read about a specific subcommand or concept.
See 'git help git' for an overview of the system.

lenovo@DESKTOP-3B53SND MINGW64 ~/Documents/Learn_git (master)
$ git rm
fatal: No pathspec was given. Which files should I remove?

lenovo@DESKTOP-3B53SND MINGW64 ~/Documents/Learn_git (master)
$ git rm third.txt
fatal: pathspec 'third.txt' did not match any files

lenovo@DESKTOP-3B53SND MINGW64 ~/Documents/Learn_git (master)
$ git log
commit 7fb7c036d8fc662d7627532164853a45b037a2c5 (HEAD -> master)
Author: kamal2002e <kamalmahrouk2002@gmail.com>
Date:   Wed Jul 3 21:24:39 2024 +0100

    adding fourth.txt

commit 3daf2398b2854988bef67c36fda8ead7cfdd807f
Author: kamal2002e <kamalmahrouk2002@gmail.com>
Date:   Wed Jul 3 21:23:23 2024 +0100

    adding third.txt

lenovo@DESKTOP-3B53SND MINGW64 ~/Documents/Learn_git (master)
$ git rm 'third.txt'
fatal: pathspec 'third.txt' did not match any files

lenovo@DESKTOP-3B53SND MINGW64 ~/Documents/Learn_git (master)
$ git rm third.txt
fatal: pathspec 'third.txt' did not match any files

lenovo@DESKTOP-3B53SND MINGW64 ~/Documents/Learn_git (master)
$ git rm --cached third.Txt
fatal: pathspec 'third.Txt' did not match any files

lenovo@DESKTOP-3B53SND MINGW64 ~/Documents/Learn_git (master)
$ git rm --cached third.txt
fatal: pathspec 'third.txt' did not match any files

lenovo@DESKTOP-3B53SND MINGW64 ~/Documents/Learn_git (master)
$ git status
On branch master
nothing to commit, working tree clean

lenovo@DESKTOP-3B53SND MINGW64 ~/Documents/Learn_git (master)
$ git log
commit 7fb7c036d8fc662d7627532164853a45b037a2c5 (HEAD -> master)
Author: kamal2002e <kamalmahrouk2002@gmail.com>
Date:   Wed Jul 3 21:24:39 2024 +0100

    adding fourth.txt

commit 3daf2398b2854988bef67c36fda8ead7cfdd807f
Author: kamal2002e <kamalmahrouk2002@gmail.com>
Date:   Wed Jul 3 21:23:23 2024 +0100

    adding third.txt

lenovo@DESKTOP-3B53SND MINGW64 ~/Documents/Learn_git (master)
$ git push -u origin master
Enumerating objects: 5, done.
Counting objects: 100% (5/5), done.
Delta compression using up to 4 threads
Compressing objects: 100% (3/3), done.
Writing objects: 100% (5/5), 440 bytes | 220.00 KiB/s, done.
Total 5 (delta 0), reused 0 (delta 0), pack-reused 0 (from 0)
To https://github.com/kamal2002e/learn_git-.git
 * [new branch]      master -> master
branch 'master' set up to track 'origin/master'.

lenovo@DESKTOP-3B53SND MINGW64 ~/Documents/Learn_git (master)
$ git add .

lenovo@DESKTOP-3B53SND MINGW64 ~/Documents/Learn_git (master)
$ git commit -m "removing third.txt"
On branch master
Your branch is up to date with 'origin/master'.

nothing to commit, working tree clean

lenovo@DESKTOP-3B53SND MINGW64 ~/Documents/Learn_git (master)
$ git log
commit 7fb7c036d8fc662d7627532164853a45b037a2c5 (HEAD -> master, origin/master)
Author: kamal2002e <kamalmahrouk2002@gmail.com>
Date:   Wed Jul 3 21:24:39 2024 +0100

    adding fourth.txt

commit 3daf2398b2854988bef67c36fda8ead7cfdd807f
Author: kamal2002e <kamalmahrouk2002@gmail.com>
Date:   Wed Jul 3 21:23:23 2024 +0100

    adding third.txt

lenovo@DESKTOP-3B53SND MINGW64 ~/Documents/Learn_git (master)
$ git config --global core.pager 'cat'

lenovo@DESKTOP-3B53SND MINGW64 ~/Documents/Learn_git (master)
$ git config--list
git: 'config--list' is not a git command. See 'git --help'.

lenovo@DESKTOP-3B53SND MINGW64 ~/Documents/Learn_git (master)
$ git config --list
diff.astextplain.textconv=astextplain
filter.lfs.clean=git-lfs clean -- %f
filter.lfs.smudge=git-lfs smudge -- %f
filter.lfs.process=git-lfs filter-process
filter.lfs.required=true
http.sslbackend=openssl
http.sslcainfo=C:/Program Files/Git/mingw64/etc/ssl/certs/ca-bundle.crt
core.autocrlf=true
core.fscache=true
core.symlinks=false
pull.rebase=false
credential.helper=manager
credential.https://dev.azure.com.usehttppath=true
init.defaultbranch=master
user.name=kamal2002e
user.email=kamalmahrouk2002@gmail.com
core.pager=cat
core.repositoryformatversion=0
core.filemode=false
core.bare=false
core.logallrefupdates=true
core.symlinks=false
core.ignorecase=true
remote.origin.url=https://github.com/kamal2002e/learn_git-.git
remote.origin.fetch=+refs/heads/*:refs/remotes/origin/*
branch.master.remote=origin
branch.master.merge=refs/heads/master

lenovo@DESKTOP-3B53SND MINGW64 ~/Documents/Learn_git (master)
$ git config --global
usage: git config [<options>]

Config file location
    --[no-]global         use global config file
    --[no-]system         use system config file
    --[no-]local          use repository config file
    --[no-]worktree       use per-worktree config file
    -f, --[no-]file <file>
                          use given config file
    --[no-]blob <blob-id> read config from given blob object

Action
    --[no-]get            get value: name [value-pattern]
    --[no-]get-all        get all values: key [value-pattern]
    --[no-]get-regexp     get values for regexp: name-regex [value-pattern]
    --[no-]get-urlmatch   get value specific for the URL: section[.var] URL
    --[no-]replace-all    replace all matching variables: name value [value-patt
    --[no-]add            add a new variable: name value
    --[no-]unset          remove a variable: name [value-pattern]
    --[no-]unset-all      remove all matches: name [value-pattern]
    --[no-]rename-section rename section: old-name new-name
    --[no-]remove-section remove a section: name
    -l, --[no-]list       list all
    --[no-]fixed-value    use string equality when comparing values to 'value-pa
    -e, --[no-]edit       open an editor
    --[no-]get-color      find the color configured: slot [default]
    --[no-]get-colorbool  find the color setting: slot [stdout-is-tty]

Type
    -t, --[no-]type <type>
                          value is given this type
    --bool                value is "true" or "false"
    --int                 value is decimal number
    --bool-or-int         value is --bool or --int
    --bool-or-str         value is --bool or string
    --path                value is a path (file or directory name)
    --expiry-date         value is an expiry date

Other
    -z, --[no-]null       terminate values with NUL byte
    --[no-]name-only      show variable names only
    --[no-]includes       respect include directives on lookup
    --[no-]show-origin    show origin of config (file, standard input, blob, com
    --[no-]show-scope     show scope of config (worktree, local, global, system,
    --[no-]default <value>
                          with --get, use default value when missing entry
    --[no-]comment <value>
                          human-readable comment string (# will be prepended as

